exhaustive menu 32
exhaustive menu 64
exhaustive menu 96
exhaustive 762 records
cycle 63 records
benchmark menu 0
benchmark menu 1
benchmark menu 2
benchmark menu 3
benchmark menu 4
benchmark menu 5
benchmark menu 6
benchmark menu 7
benchmark menu 8
benchmark menu 9
benchmark menu 10
benchmark menu 11
benchmark menu 12
benchmark menu 13
benchmark menu 14
benchmark menu 15
benchmark menu 16
benchmark menu 17
benchmark menu 18
benchmark menu 19
benchmark menu 20
benchmark menu 21
benchmark menu 22
benchmark menu 23
benchmark 288 records
